/usr/bin/onsgmls:debian/tests/0001-wikipediafs.in:55:18:E: document type does not allow element "REPLACEABLE" here; missing one of "COMMAND", "ARG", "GROUP" start-tag
/usr/bin/onsgmls:debian/tests/0001-wikipediafs.in:55:18: open elements: REFENTRY REFSYNOPSISDIV[1] CMDSYNOPSIS[1] (COMMAND[1])
/usr/bin/onsgmls:debian/tests/0001-wikipediafs.in:263:6:E: end tag for element "PARA" which is not open
/usr/bin/onsgmls:debian/tests/0001-wikipediafs.in:263:6: open elements: REFENTRY REFSECT1[1] (PARA[1])
